
> heart-guardians-app@0.0.0 build
> tsc -b && vite build

[36mvite v8.1.0 [32mbuilding client environment for production...[36m[39m
[2Ktransforming...✓ 60 modules transformed.
rendering chunks...
computing gzip size...
dist/index.html                     0.45 kB │ gzip:   0.29 kB
dist/assets/index-zELjZ3Jj.css     16.15 kB │ gzip:   4.49 kB
dist/assets/index-D2MXWMvl.js   1,163.85 kB │ gzip: 324.84 kB

[32m✓ built in 326ms[39m
[33m[plugin builtin:vite-reporter] 
(!) Some chunks are larger than 500 kB after minification. Consider:
- Using dynamic import() to code-split the application
- Use build.rolldownOptions.output.codeSplitting to improve chunking: https://rolldown.rs/reference/OutputOptions.codeSplitting
- Adjust chunk size limit for this warning via build.chunkSizeWarningLimit.[39m
